git
===
    Try -h or --help for more information.
